// Jest Snapshot v1, https://goo.gl/fbAQLP

exports[`check default square color 1`] = `
.c0 {
  width: 20.833333333333336vw;
  min-height: 20.833333333333336vw;
  margin: 0.6em;
  background: #cbb4d4;
  color: #F00000;
  border: 1px dashed #cbb4d4;
  border-radius: 2px;
  text-shadow: 1px 0.6px #999;
  box-shadow: 0 0 0 3px #cbb4d4,1px 1px 6px 2px rgba(10,10,0,0.3);
  font-family: Fascinate,sans-serif;
  text-align: center;
}

.c0:focus {
  outline: none;
}

.c0:hover {
  background: #5f9ea0;
  opacity: 1;
  border: 1px dashed #5f9ea0;
  border-radius: 1px;
  box-shadow: 0 0 0 4px #5f9ea0,2px 1px 6px 4px rgba(10,10,0,0.5);
}

@media (min-width:768px) {

}

@media (min-width:1024px) {

}

@media (min-width:1024px) {

}

@media (min-width:768px) {

}

@media (min-width:1024px) {

}

@media (min-width:1024px) {

}

@media (min-width:768px) {
  .c0 {
    width: 17.36111111111111vw;
    min-height: 17.36111111111111vw;
    margin: 0.6em;
  }
}

@media (min-width:1024px) {
  .c0 {
    width: 8.333333333333332vw;
    min-height: 8.333333333333332vw;
  }
}

<button
  class="c0"
  style="pointer-events: auto;"
/>
`;
